// Jest Snapshot v1, https://goo.gl/fbAQLP

exports[`Alerts Display Component Should render properly when no props are passed in 1`] = `
<div>
  <div
    class="alerts-container  p-0"
  />
</div>
`;
