// Jest Snapshot v1, https://goo.gl/fbAQLP

exports[`ForgotPassword Page Should render invalid user/email form on error 1`] = `
<div>
  <nav
    class="navbar navbar-expand-lg navbar-light bg-white"
  >
    <div
      class="container"
    >
      <a
        class="navbar-brand"
        href="/"
      >
        <div
          class="navbar-brand text-primary font-weight-bold"
        >
          C0D3
        </div>
      </a>
      <button
        aria-controls="basic-navbar-nav"
        aria-label="Toggle navigation"
        class="navbar-toggler collapsed"
        type="button"
      >
        <span
          class="navbar-toggler-icon"
        />
      </button>
      <div
        class="text-center navbar-collapse collapse"
        id="basic-navbar-nav"
      >
        <div
          class="m-auto navbar-nav"
        >
          <a
            class="nav-item nav-link"
            href="/curriculum"
          >
            Curriculum
          </a>
          <a
            class="nav-item nav-link"
            href="https://github.com/garageScript/c0d3-app"
            rel="noopener noreferrer"
            target="_blank"
          >
            Repo
          </a>
          <a
            class="nav-item nav-link"
            href="/docs/learn"
          >
            Learn
          </a>
          <a
            class="nav-item nav-link"
            href="https://discord.gg/c0d3"
            rel="noopener noreferrer"
            target="_blank"
          >
            Community
          </a>
          <div
            class="d-none d-lg-block"
          >
            <div
              class="dropdown"
            >
              <button
                aria-expanded="false"
                aria-haspopup="true"
                class="dropdown-toggle title title-none"
                type="button"
              >
                Admin
              </button>
            </div>
          </div>
          <div
            class="d-lg-none"
          >
            <div
              class="text-center text-xl-left py-2 px-4"
            >
              <a
                class="dropdown-item"
                href="/admin/lessons"
              >
                Lessons
              </a>
            </div>
            <div
              class="text-center text-xl-left py-2 px-4"
            >
              <a
                class="dropdown-item"
                href="/admin/users"
              >
                Users
              </a>
            </div>
            <div
              class="text-center text-xl-left py-2 px-4"
            >
              <a
                class="dropdown-item"
                href="/admin/alerts"
              >
                Alerts
              </a>
            </div>
          </div>
        </div>
        <div
          class="nav-buttons"
        >
          <a
            class="btn btn-secondary border overflow-hidden text-truncate bg-light"
            href="/profile/fakeusername"
          >
            Fakeusername
          </a>
          <button
            class="btn border bg-light ml-2"
            style="color: rgb(41, 41, 41);"
          >
            Logout
          </button>
        </div>
      </div>
    </div>
  </nav>
  <div
    class="container-md"
  >
    <div
      class="row mt-5"
    >
      <div
        class="card shadow-sm col-sm-8 col-md-7 col-lg-6 col-xl-6 m-auto px-md-5 border-0"
      >
        <div
          class="card-body text-center pt-5 pb-5"
        >
          <h1
            class="card-title h2 font-weight-bold mb-5"
          >
            Username or Email does not exist
          </h1>
          <p
            class="card-text"
          />
          <a
            class="btn btn-primary btn-lg btn-block mb-3"
            href="/forgotpassword"
            role="button"
          >
            Go Back
          </a>
        </div>
      </div>
    </div>
  </div>
  <footer
    class="mt-5 font-weight-light text-center pb-5 text-muted"
  >
    © Copyright 2021 GarageScript
  </footer>
</div>
`;

exports[`ForgotPassword Page Should render password reset instructions on success 1`] = `
<div>
  <nav
    class="navbar navbar-expand-lg navbar-light bg-white"
  >
    <div
      class="container"
    >
      <a
        class="navbar-brand"
        href="/"
      >
        <div
          class="navbar-brand text-primary font-weight-bold"
        >
          C0D3
        </div>
      </a>
      <button
        aria-controls="basic-navbar-nav"
        aria-label="Toggle navigation"
        class="navbar-toggler collapsed"
        type="button"
      >
        <span
          class="navbar-toggler-icon"
        />
      </button>
      <div
        class="text-center navbar-collapse collapse"
        id="basic-navbar-nav"
      >
        <div
          class="m-auto navbar-nav"
        >
          <a
            class="nav-item nav-link"
            href="/curriculum"
          >
            Curriculum
          </a>
          <a
            class="nav-item nav-link"
            href="https://github.com/garageScript/c0d3-app"
            rel="noopener noreferrer"
            target="_blank"
          >
            Repo
          </a>
          <a
            class="nav-item nav-link"
            href="/docs/learn"
          >
            Learn
          </a>
          <a
            class="nav-item nav-link"
            href="https://discord.gg/c0d3"
            rel="noopener noreferrer"
            target="_blank"
          >
            Community
          </a>
          <div
            class="d-none d-lg-block"
          >
            <div
              class="dropdown"
            >
              <button
                aria-expanded="false"
                aria-haspopup="true"
                class="dropdown-toggle title title-none"
                type="button"
              >
                Admin
              </button>
            </div>
          </div>
          <div
            class="d-lg-none"
          >
            <div
              class="text-center text-xl-left py-2 px-4"
            >
              <a
                class="dropdown-item"
                href="/admin/lessons"
              >
                Lessons
              </a>
            </div>
            <div
              class="text-center text-xl-left py-2 px-4"
            >
              <a
                class="dropdown-item"
                href="/admin/users"
              >
                Users
              </a>
            </div>
            <div
              class="text-center text-xl-left py-2 px-4"
            >
              <a
                class="dropdown-item"
                href="/admin/alerts"
              >
                Alerts
              </a>
            </div>
          </div>
        </div>
        <div
          class="nav-buttons"
        >
          <a
            class="btn btn-secondary border overflow-hidden text-truncate bg-light"
            href="/profile/fakeusername"
          >
            Fakeusername
          </a>
          <button
            class="btn border bg-light ml-2"
            style="color: rgb(41, 41, 41);"
          >
            Logout
          </button>
        </div>
      </div>
    </div>
  </nav>
  <div
    class="container-md"
  >
    <div
      class="row mt-5"
    >
      <div
        class="card shadow-sm col-sm-8 col-md-7 col-lg-6 col-xl-6 m-auto px-md-5 border-0"
      >
        <div
          class="card-body text-center pt-5 pb-5"
        >
          <img
            alt="Green circle with a checkmark inside."
            class="mb-4"
            height="100px"
            src="/assets/curriculum/icons/checked.svg"
            width="100px"
          />
          <h1
            class="card-title h2 font-weight-bold mb-5"
          >
            Password reset instructions sent
          </h1>
          <p
            class="card-text"
          />
          <p>
            You will receive an email containing a link to reset your password.
          </p>
        </div>
      </div>
    </div>
  </div>
  <footer
    class="mt-5 font-weight-light text-center pb-5 text-muted"
  >
    © Copyright 2021 GarageScript
  </footer>
</div>
`;
